All classes and methods:
Tests.DeadCodeProject.Program: Void Main(System.String[] args)
Tests.DeadCodeProject.Program: IWebHostBuilder CreateWebHostBuilder(System.String[] args)
Tests.DeadCodeProject.Startup: IConfiguration get_Configuration()
Tests.DeadCodeProject.Startup: Void ConfigureServices(Microsoft.Extensions.DependencyInjection.IServiceCollection services)
Tests.DeadCodeProject.Startup: Void Configure(Microsoft.AspNetCore.Builder.IApplicationBuilder app, Microsoft.AspNetCore.Hosting.IHostingEnvironment env)
Tests.DeadCodeProject.Models.ErrorViewModel: String get_RequestId()
Tests.DeadCodeProject.Models.ErrorViewModel: Void set_RequestId(System.String value)
Tests.DeadCodeProject.Models.ErrorViewModel: Boolean get_ShowRequestId()
Tests.DeadCodeProject.Controllers.HomeController: IActionResult Index()
Tests.DeadCodeProject.Controllers.HomeController: IActionResult About()
Tests.DeadCodeProject.Controllers.HomeController: IActionResult Contact()
Tests.DeadCodeProject.Controllers.HomeController: IActionResult Privacy()
Tests.DeadCodeProject.Controllers.HomeController: IActionResult Error()

Uncalled Classes:
Tests.DeadCodeProject.Program
Tests.DeadCodeProject.Startup
Tests.DeadCodeProject.Models.ErrorViewModel

Uncalled Methods:
Tests.DeadCodeProject.Program: Void Main(System.String[] args)
Tests.DeadCodeProject.Program: IWebHostBuilder CreateWebHostBuilder(System.String[] args)
Tests.DeadCodeProject.Startup: IConfiguration get_Configuration()
Tests.DeadCodeProject.Startup: Void ConfigureServices(Microsoft.Extensions.DependencyInjection.IServiceCollection services)
Tests.DeadCodeProject.Startup: Void Configure(Microsoft.AspNetCore.Builder.IApplicationBuilder app, Microsoft.AspNetCore.Hosting.IHostingEnvironment env)
Tests.DeadCodeProject.Models.ErrorViewModel: String get_RequestId()
Tests.DeadCodeProject.Models.ErrorViewModel: Void set_RequestId(System.String value)
Tests.DeadCodeProject.Models.ErrorViewModel: Boolean get_ShowRequestId()
Tests.DeadCodeProject.Controllers.HomeController: IActionResult About()
Tests.DeadCodeProject.Controllers.HomeController: IActionResult Contact()
Tests.DeadCodeProject.Controllers.HomeController: IActionResult Privacy()
Tests.DeadCodeProject.Controllers.HomeController: IActionResult Error()
